 git clone https://jumpingtheshark:<gitkey>B@github.com/jumpingtheshark/django-class.git














C:\Users\Michael\git\django-class\password_generator>git status
On branch main
Your branch is up to date with 'origin/main'.

Changes not staged for commit:
  (use "git add <file>..." to update what will be committed)
  (use "git restore <file>..." to discard changes in working directory)
        modified:   generator/views.py
        modified:   password_generator/settings.py
        modified:   password_generator/urls.py

Untracked files:
  (use "git add <file>..." to include in what will be committed)
        password_generator/commands.txt

password_generator/commands.txt







C:\Users\Michael\git\django-class>git add -A

C:\Users\Michael\git\django-class>git status
On branch main
Your branch is up to date with 'origin/main'.

Changes to be committed:
  (use "git restore --staged <file>..." to unstage)
        modified:   git-help.txt
        new file:   mike/django-commands.txt
        renamed:    password_generator/password_generator/commands.txt -> mike/git-commands.txt  
        renamed:    password_generator/generator/progress.txt -> mike/progress.txt









C:\Users\Michael\git\django-class>git commit -m "cleanup"
[main a3302ea] cleanup
 4 files changed, 31 insertions(+), 11 deletions(-)
 create mode 100644 mike/django-commands.txt
 rename password_generator/password_generator/commands.txt => mike/git-commands.txt (83%)        
 rename {password_generator/generator => mike}/progress.txt (100%)







C:\Users\Michael\git\django-class\password_generator>git push
Enumerating objects: 15, done.
Counting objects: 100% (15/15), done.
Delta compression using up to 4 threads
Compressing objects: 100% (9/9), done.
Writing objects: 100% (9/9), 1020 bytes | 204.00 KiB/s, done.
Total 9 (delta 4), reused 0 (delta 0), pack-reused 0
remote: Resolving deltas: 100% (4/4), completed with 4 local objects.
To https://github.com/jumpingtheshark/django-class.git
   9947adf..0d0107d  main -> main









